
> temp-app@0.1.0 build
> next build

  Ôû▓ Next.js 14.2.15
  - Environments: .env

   Creating an optimized production build ...
 Ô£ô Compiled successfully
   Linting and checking validity of types ...
node.exe : Failed to compile.
No linha:1 caractere:1
+ & "C:\Program Files\nodejs/node.exe" 
"C:\Program Files\nodejs/node_mo ...
+ ~~~~~~~~~~~~~~~~~~~~~~~~~~~~~~~~~~~~~~
~~~~~~~~~~~~~~~~~~~~~~~~~~~~~~~
    + CategoryInfo          : NotSpecif 
   ied: (Failed to compile.:String) []  
  , RemoteException
    + FullyQualifiedErrorId : NativeCom 
   mandError
 

./_cardapio_kal_novo/OrderTracker.tsx:12
:7
Type error: Type '"pending"' is not 
assignable to type 'OrderStatus'.

[0m [90m 10 |[39m [36mconst[39m 
[33mOrderTracker[39m[33m:[39m [33mR
eact[39m[33m.[39m[33mFC[39m[33m<[
39m[33mOrderTrackerProps[39m[33m>[39
m [33m=[39m ({ order[33m,[39m 
onBack }) [33m=>[39m {[0m
[0m [90m 11 |[39m   [36mconst[39m 
steps[33m:[39m { status[33m:[39m 
[33mOrderStatus[39m[33m;[39m 
label[33m:[39m string[33m;[39m 
icon[33m:[39m [33mReact[39m[33m.[3
9m[33mReactNode[39m[33m;[39m 
color[33m:[39m string }[] [33m=[39m 
[[0m
[0m[31m[1m>[22m[39m[90m 12 |[39m 
    { status[33m:[39m 
[32m'pending'[39m[33m,[39m 
label[33m:[39m 
[32m'Recebido'[39m[33m,[39m 
icon[33m:[39m 
[33m<[39m[33mClock[39m 
size[33m=[39m{[35m20[39m} 
[33m/[39m[33m>[39m[33m,[39m 
color[33m:[39m 
[32m'bg-yellow-500'[39m 
}[33m,[39m[0m
[0m [90m    |[39m       
[31m[1m^[22m[39m[0m
[0m [90m 13 |[39m     { 
status[33m:[39m 
[32m'preparing'[39m[33m,[39m 
label[33m:[39m 
[32m'Preparando'[39m[33m,[39m 
icon[33m:[39m 
[33m<[39m[33mChefHat[39m 
size[33m=[39m{[35m20[39m} 
[33m/[39m[33m>[39m[33m,[39m 
color[33m:[39m 
[32m'bg-orange-500'[39m 
}[33m,[39m[0m
[0m [90m 14 |[39m     { 
status[33m:[39m 
[32m'ready'[39m[33m,[39m 
label[33m:[39m 
[32m'Pronto'[39m[33m,[39m 
icon[33m:[39m 
[33m<[39m[33mCheckCircle[39m 
size[33m=[39m{[35m20[39m} 
[33m/[39m[33m>[39m[33m,[39m 
color[33m:[39m 
[32m'bg-green-500'[39m 
}[33m,[39m[0m
[0m [90m 15 |[39m     { 
status[33m:[39m 
[32m'finished'[39m[33m,[39m 
label[33m:[39m order[33m.[39mcustome
r[33m.[39mdeliveryMethod 
[33m===[39m [32m'delivery'[39m 
[33m?[39m [32m'Entregue'[39m 
[33m:[39m 
[32m'Finalizado'[39m[33m,[39m 
icon[33m:[39m 
[33m<[39m[33mMapPin[39m 
size[33m=[39m{[35m20[39m} 
[33m/[39m[33m>[39m[33m,[39m 
color[33m:[39m 
[32m'bg-blue-500'[39m }[33m,[39m[0m
